
> vite_react_shadcn_ts@0.0.0 build
> vite build

npm : 2026-03-30T23:14:47.574Z vite:config bundled config file 
loaded in 175.92ms
Au caractère Ligne:1 : 1
+ npm run build > build_output.txt 2>&1
+ ~~~~~~~~~~~~~~~~~~~~~~~~~~~~~~~~~~~~~
    + CategoryInfo          : NotSpecified: (2026-03-30T23:1...ded  
   in 175.92ms:String) [], RemoteException
    + FullyQualifiedErrorId : NativeCommandError
 
2026-03-30T23:14:47.618Z vite:config using resolved config: {
  plugins: [
    'vite:build-metadata',
    'vite:watch-package-data',
    'vite:pre-alias',
    'alias',
    'vite:react-babel',
    'vite:react-refresh',
    'vite:modulepreload-polyfill',
    'vite:resolve',
    'vite:html-inline-proxy',
    'vite:css',
    'vite:esbuild',
    'vite:json',
    'vite:wasm-helper',
    'vite:worker',
    'vite:asset',
    'vite:wasm-fallback',
    'vite:define',
    'vite:css-post',
    'vite:build-html',
    'vite:worker-import-meta-url',
    'vite:asset-import-meta-url',
    'vite:force-systemjs-wrap-complete',
    'commonjs',
    'vite:data-uri',
    'vite:dynamic-import-vars',
    'vite:import-glob',
    'vite:build-import-analysis',
    'vite:esbuild-transpile',
    'vite:terser',
    'vite:reporter',
    'vite:load-fallback'
  ],
  resolve: {
    mainFields: [ 'browser', 'module', 'jsnext:main', 'jsnext' ],
    conditions: [],
    extensions: [
      '.mjs',  '.js',
      '.mts',  '.ts',
      '.jsx',  '.tsx',
      '.json'
    ],
    dedupe: [ 'react', 'react-dom' ],
    preserveSymlinks: false,
    alias: [ [Object], [Object], [Object] ]
  },
  build: {
    target: [ 'es2020', 'edge88', 'firefox78', 'chrome87', 
'safari14' ],
    cssTarget: [ 'es2020', 'edge88', 'firefox78', 'chrome87', 
'safari14' ],
    outDir: 'dist',
    assetsDir: 'assets',
    assetsInlineLimit: 4096,
    cssCodeSplit: true,
    sourcemap: false,
    rollupOptions: {
      maxParallelFileOps: 2,
      output: [Object],
      onwarn: [Function: onwarn]
    },
    minify: 'esbuild',
    terserOptions: {},
    write: true,
    emptyOutDir: null,
    copyPublicDir: true,
    manifest: false,
    lib: false,
    ssr: false,
    ssrManifest: false,
    ssrEmitAssets: false,
    reportCompressedSize: true,
    chunkSizeWarningLimit: 1000,
    watch: null,
    commonjsOptions: { include: [Array], extensions: [Array] },
    dynamicImportVarsOptions: { warnOnError: true, exclude: [Array] 
},
    modulePreload: { polyfill: true },
    cssMinify: true
  },
  esbuild: { jsxDev: false, jsx: 'automatic', jsxImportSource: 
undefined },
  optimizeDeps: {
    holdUntilCrawlEnd: true,
    esbuildOptions: { preserveSymlinks: false, jsx: 'automatic' },
    include: [
      'react',
      'react-dom',
      'react/jsx-dev-runtime',
      'react/jsx-runtime'
    ]
  },
  configFile: 'C:/Users/P C/Downloads/tijara-pro-maroc-main/tijara-p
ro-maroc-main/vite.config.mjs',
  configFileDependencies: [
    'C:/Users/P C/Downloads/tijara-pro-maroc-main/tijara-pro-maroc-m
ain/vite.config.mjs'
  ],
  inlineConfig: {
    root: undefined,
    base: undefined,
    mode: undefined,
    configFile: undefined,
    logLevel: undefined,
    clearScreen: undefined,
    build: {}
  },
  root: 'C:/Users/P 
C/Downloads/tijara-pro-maroc-main/tijara-pro-maroc-main',
  base: '/',
  decodedBase: '/',
  rawBase: '/',
  publicDir: 'C:/Users/P 
C/Downloads/tijara-pro-maroc-main/tijara-pro-maroc-main/public',
  cacheDir: 'C:/Users/P C/Downloads/tijara-pro-maroc-main/tijara-pro
-maroc-main/node_modules/.vite',
  command: 'build',
  mode: 'production',
  ssr: {
    target: 'node',
    optimizeDeps: { noDiscovery: true, esbuildOptions: [Object] }
  },
  isWorker: false,
  mainConfig: null,
  bundleChain: [],
  isProduction: true,
  css: { lightningcss: undefined },
  server: {
    preTransformRequests: true,
    sourcemapIgnoreList: [Function: isInNodeModules$1],
    middlewareMode: false,
    fs: {
      strict: true,
      allow: [Array],
      deny: [Array],
      cachedChecks: undefined
    }
  },
  preview: {
    port: undefined,
    strictPort: undefined,
    host: undefined,
    allowedHosts: undefined,
    https: undefined,
    open: undefined,
    proxy: undefined,
    cors: undefined,
[36mvite v5.4.21 [32mbuilding for production...[36m[39m
    headers: undefined
  },
  envDir: 'C:/Users/P 
C/Downloads/tijara-pro-maroc-main/tijara-pro-maroc-main',
  env: {
    VITE_SUPABASE_PROJECT_ID: 'dqqokczgkguytlaieufu',
    VITE_SUPABASE_PUBLISHABLE_KEY: 
'sb_publishable_kkY-hE8Uv04nIweUmC2XgA_TPTOGX5H',
    VITE_SUPABASE_URL: 'https://dqqokczgkguytlaieufu.supabase.co',
    BASE_URL: '/',
    MODE: 'production',
    DEV: false,
    PROD: true
  },
  assetsInclude: [Function: assetsInclude],
  logger: {
    hasWarned: false,
    info: [Function: info],
    warn: [Function: warn],
    warnOnce: [Function: warnOnce],
    error: [Function: error],
    clearScreen: [Function: clearScreen],
    hasErrorLogged: [Function: hasErrorLogged]
  },
  packageCache: Map(1) {
    'fnpd_C:/Users/P 
C/Downloads/tijara-pro-maroc-main/tijara-pro-maroc-main' => {
      dir: 'C:/Users/P 
C/Downloads/tijara-pro-maroc-main/tijara-pro-maroc-main',
      data: [Object],
      hasSideEffects: [Function: hasSideEffects],
      webResolvedImports: {},
      nodeResolvedImports: {},
      setResolvedCache: [Function: setResolvedCache],
      getResolvedCache: [Function: getResolvedCache]
    },
    set: [Function (anonymous)]
  },
  createResolver: [Function: createResolver],
  worker: { format: 'iife', plugins: '() => plugins', 
rollupOptions: {} },
  appType: 'spa',
  experimental: { importGlobRestoreExtension: false, 
hmrPartialAccept: false },
  webSocketToken: '_hRCIRcoSREG',
  additionalAllowedHosts: [],
  getSortedPlugins: [Function: getSortedPlugins],
  getSortedPluginHooks: [Function: getSortedPluginHooks]
}
transforming...

[1m[33mwarn[39m[22m - The class `duration-[250ms]` is ambiguous 
and matches multiple utilities.
[1m[33mwarn[39m[22m - If this is content and not a class, 
replace it with `duration-&lsqb;250ms&rsqb;` to silence this 
warning.
[32mÔ£ô[39m 35 modules transformed.
[31mx[39m Build failed in 3.08s
[31merror during build:
[31m[vite]: Rollup failed to resolve import "lucid-react" from 
"C:/Users/P C/Downloads/tijara-pro-maroc-main/tijara-pro-maroc-main/
src/pages/master/SuppliersPage.tsx".
This is most likely unintended because it can break your 
application at runtime.
If you do want to externalize this module explicitly add it to
`build.rollupOptions.external`[31m
    at viteWarn (file:///C:/Users/P%20C/Downloads/tijara-pro-maroc-m
ain/tijara-pro-maroc-main/node_modules/vite/dist/node/chunks/dep-BK3
b2jBa.js:65855:17)
    at onwarn (file:///C:/Users/P%20C/Downloads/tijara-pro-maroc-mai
n/tijara-pro-maroc-main/node_modules/@vitejs/plugin-react/dist/index
.mjs:282:9)
    at onRollupWarning (file:///C:/Users/P%20C/Downloads/tijara-pro-
maroc-main/tijara-pro-maroc-main/node_modules/vite/dist/node/chunks/
dep-BK3b2jBa.js:65885:5)
    at onwarn (file:///C:/Users/P%20C/Downloads/tijara-pro-maroc-mai
n/tijara-pro-maroc-main/node_modules/vite/dist/node/chunks/dep-BK3b2
jBa.js:65550:7)
    at file:///C:/Users/P%20C/Downloads/tijara-pro-maroc-main/tijara
-pro-maroc-main/node_modules/rollup/dist/es/shared/node-entry.js:213
83:13
    at Object.logger [as onLog] (file:///C:/Users/P%20C/Downloads/ti
jara-pro-maroc-main/tijara-pro-maroc-main/node_modules/rollup/dist/e
s/shared/node-entry.js:23364:9)
    at ModuleLoader.handleInvalidResolvedId (file:///C:/Users/P%20C/
Downloads/tijara-pro-maroc-main/tijara-pro-maroc-main/node_modules/r
ollup/dist/es/shared/node-entry.js:22108:26)
    at file:///C:/Users/P%20C/Downloads/tijara-pro-maroc-main/tijara
-pro-maroc-main/node_modules/rollup/dist/es/shared/node-entry.js:220
66:26[39m
